// Jest Snapshot v1, https://goo.gl/fbAQLP

exports[`components/App it renders correctly 1`] = `
<AppContainer>
  <div
    className="App__container clearfix"
  >
    <PivotalStories
      storyIds={
        Array [
          "1234",
          "5678",
        ]
      }
    />
  </div>
</AppContainer>
`;
